node.exe : npm verbose cli C:\nvm4w\nodejs\node.exe C:\nvm4w\nodejs\node_modules\npm\bin\npm-cli.js
Au caractère C:\nvm4w\nodejs\npm.ps1:29 : 3
+   & $NODE_EXE $NPM_CLI_JS $args
+   ~~~~~~~~~~~~~~~~~~~~~~~~~~~~~
    + CategoryInfo          : NotSpecified: (npm verbose cli...\bin\npm-cli.js:String) [], RemoteException
    + FullyQualifiedErrorId : NativeCommandError
 
npm info using npm@10.9.0
npm info using node@v22.12.0
npm verbose title npm run test
npm verbose argv "run" "test" "--loglevel" "verbose"
npm verbose logfile logs-max:10 dir:C:\Users\DELL\AppData\Local\npm-cache\_logs\2026-06-07T06_41_16_899Z-
npm verbose logfile C:\Users\DELL\AppData\Local\npm-cache\_logs\2026-06-07T06_41_16_899Z-debug-0.log

> workflow-execution-backend@1.0.0 test
> jest --config jest.config.js

